// Jest Snapshot v1, https://goo.gl/fbAQLP

exports[`Home component Renders on screen 1`] = `
<div>
  <main
    class="main"
  >
    <h1>
      SK Innovate Storage
    </h1>
    <p
      class="p"
    >
      Photo by:  
      <a
        class="a"
        href="https://unsplash.com/@nessa_rin"
      >
        Rinson Chory
      </a>
    </p>
  </main>
</div>
`;
